prisma/seed.ts(11,7): error TS2353: Object literal may only specify known properties, and 'breweryName' does not exist in type '(Without<UserCreateInput, UserUncheckedCreateInput> & UserUncheckedCreateInput) | (Without<...> & UserCreateInput)'.
prisma/seed.ts(26,34): error TS2322: Type '{ name: string; type: string; capacity: number; userId: string; sortOrder: number; } | { name: string; type: string; userId: string; sortOrder: number; capacity?: undefined; }' is not assignable to type '(Without<TankCreateInput, TankUncheckedCreateInput> & TankUncheckedCreateInput) | (Without<...> & TankCreateInput)'.
  Type '{ name: string; type: string; capacity: number; userId: string; sortOrder: number; }' is not assignable to type '(Without<TankCreateInput, TankUncheckedCreateInput> & TankUncheckedCreateInput) | (Without<...> & TankCreateInput)'.
    Type '{ name: string; type: string; capacity: number; userId: string; sortOrder: number; }' is not assignable to type 'Without<TankCreateInput, TankUncheckedCreateInput> & TankUncheckedCreateInput'.
      Property 'organizationId' is missing in type '{ name: string; type: string; capacity: number; userId: string; sortOrder: number; }' but required in type 'TankUncheckedCreateInput'.
prisma/seed.ts(36,7): error TS2322: Type '{ name: string; description: string; userId: string; tasks: { create: ({ name: string; offsetDays: number; } | { name: string; offsetDays: number; isTankMovement: true; })[]; }; }' is not assignable to type '(Without<TemplateCreateInput, TemplateUncheckedCreateInput> & TemplateUncheckedCreateInput) | (Without<...> & TemplateCreateInput)'.
  Type '{ name: string; description: string; userId: string; tasks: { create: ({ name: string; offsetDays: number; } | { name: string; offsetDays: number; isTankMovement: true; })[]; }; }' is not assignable to type 'Without<TemplateCreateInput, TemplateUncheckedCreateInput> & TemplateUncheckedCreateInput'.
    Property 'organizationId' is missing in type '{ name: string; description: string; userId: string; tasks: { create: ({ name: string; offsetDays: number; } | { name: string; offsetDays: number; isTankMovement: true; })[]; }; }' but required in type 'TemplateUncheckedCreateInput'.
scripts/repro_post_batch.ts(34,7): error TS2322: Type '{ name: string; templateId: string; brewDate: Date; userId: string; mainTankId: string; }' is not assignable to type '(Without<BatchCreateInput, BatchUncheckedCreateInput> & BatchUncheckedCreateInput) | (Without<...> & BatchCreateInput)'.
  Type '{ name: string; templateId: string; brewDate: Date; userId: string; mainTankId: string; }' is not assignable to type 'Without<BatchCreateInput, BatchUncheckedCreateInput> & BatchUncheckedCreateInput'.
    Property 'organizationId' is missing in type '{ name: string; templateId: string; brewDate: Date; userId: string; mainTankId: string; }' but required in type 'BatchUncheckedCreateInput'.
src/app/api/batches/[id]/route.ts(275,49): error TS2322: Type 'Date | null' is not assignable to type 'Date'.
  Type 'null' is not assignable to type 'Date'.
